PB.13.1	PB.13.1	26	32	34	21	50	63	35	29	54	22
PB.13.2	PB.13.1	26	32	34	21	50	63	35	29	54	22
PB.13.3	PB.13.11	11	27	8	7	12	6	33	10	25	8
PB.13.4	PB.13.8	4	7	4	5	9	3	2	1	7	4
PB.13.5	PB.13.1	26	32	34	21	50	63	35	29	54	22
PB.13.6	PB.13.1	26	32	34	21	50	63	35	29	54	22
PB.13.8	PB.13.8	4	7	4	5	9	3	2	1	7	4
PB.13.9	PB.13.8	4	7	4	5	9	3	2	1	7	4
PB.13.10	PB.13.8	4	7	4	5	9	3	2	1	7	4
PB.13.11	PB.13.11	11	27	8	7	12	6	33	10	25	8
PB.13.12	PB.13.8	4	7	4	5	9	3	2	1	7	4
PB.13.13	PB.13.8	4	7	4	5	9	3	2	1	7	4
PB.13.14	PB.13.8	4	7	4	5	9	3	2	1	7	4
PB.13.15	PB.13.11	11	27	8	7	12	6	33	10	25	8
PB.13.16	PB.13.1	26	32	34	21	50	63	35	29	54	22
PB.13.17	PB.13.11	11	27	8	7	12	6	33	10	25	8
PB.13.18	PB.13.8	4	7	4	5	9	3	2	1	7	4
PB.13.19	PB.13.11	11	27	8	7	12	6	33	10	25	8
PB.13.20	PB.13.1	26	32	34	21	50	63	35	29	54	22
