PB.13.8	4	7	4	5	9	3	2	1	7	4
PB.13.1	26	32	34	21	50	63	35	29	54	22
PB.13.11	11	27	8	7	12	6	33	10	25	8
