PB.13.7	PB.13.7	3
PB.13.21	PB.13.7	3
PB.13.22	PB.13.7	3
PB.13.7	PB.13.7	3
PB.13.21	PB.13.7	3
PB.13.22	PB.13.7	3
PB.13.7	PB.13.7	1	0	2	0	1	2	1	2	2	0
PB.13.21	PB.13.7	1	0	2	0	1	2	1	2	2	0
PB.13.22	PB.13.7	1	0	2	0	1	2	1	2	2	0
