chr1	658051	669415	PB.13.8	0	+	669415	669415	0	9	339,166,159,182,493,226,143,295,3034,	0,4988,5897,6123,6379,7043,7632,7956,8330,
chr1	658051	669416	PB.13.1	0	+	669416	669416	0	10	339,166,159,182,493,226,143,295,145,1506,	0,4988,5897,6123,6379,7043,7632,7956,8330,9859,
chr1	658051	669416	PB.13.11	0	+	669415	669415	0	11	339,166,159,182,493,226,143,295,145,83,1506,	0,4988,5897,6123,6379,7043,7632,7956,8330,9294,9859,
